Archive member included to satisfy reference by file (symbol)

c:/program files (x86)/atmel/studio/7.0/toolchain/avr8/avr8-gnu-toolchain/bin/../lib/gcc/avr/5.4.0/avrxmega7\libgcc.a(_udivmodsi4.o)
                              src/ASF/xmega/drivers/usart/usart.o (__udivmodsi4)
c:/program files (x86)/atmel/studio/7.0/toolchain/avr8/avr8-gnu-toolchain/bin/../lib/gcc/avr/5.4.0/avrxmega7\libgcc.a(_exit.o)
                              C:/Program Files (x86)/Atmel/Studio/7.0/Packs/atmel/XMEGAA_DFP/1.1.68/gcc/dev/atxmega128a1u/avrxmega7/crtatxmega128a1u.o (exit)
c:/program files (x86)/atmel/studio/7.0/toolchain/avr8/avr8-gnu-toolchain/bin/../lib/gcc/avr/5.4.0/avrxmega7\libgcc.a(_copy_data.o)
                              src/ASF/common/services/sleepmgr/xmega/sleepmgr.o (__do_copy_data)
c:/program files (x86)/atmel/studio/7.0/toolchain/avr8/avr8-gnu-toolchain/bin/../lib/gcc/avr/5.4.0/avrxmega7\libgcc.a(_clear_bss.o)
                              src/ASF/common/utils/stdio/read.o (__do_clear_bss)
c:/program files (x86)/atmel/studio/7.0/toolchain/avr8/avr8-gnu-toolchain/bin/../lib/gcc/avr/5.4.0/../../../../avr/lib/avrxmega7\libc.a(memcpy.o)
                              src/ASF/xmega/drivers/nvm/nvm.o (memcpy)

Allocating common symbols
Common symbol       size              file

adcb_callback       0x2               src/ASF/xmega/drivers/adc/adc.o
ptr_get             0x2               src/ASF/common/utils/stdio/read.o
ptr_put             0x2               src/ASF/common/utils/stdio/write.o
stdio_base          0x2               src/ASF/common/utils/stdio/write.o
sleepmgr_locks      0x6               src/ASF/common/services/sleepmgr/xmega/sleepmgr.o
adca_callback       0x2               src/ASF/xmega/drivers/adc/adc.o

Discarded input sections

 .data          0x00000000        0x0 C:/Program Files (x86)/Atmel/Studio/7.0/Packs/atmel/XMEGAA_DFP/1.1.68/gcc/dev/atxmega128a1u/avrxmega7/crtatxmega128a1u.o
 .bss           0x00000000        0x0 C:/Program Files (x86)/Atmel/Studio/7.0/Packs/atmel/XMEGAA_DFP/1.1.68/gcc/dev/atxmega128a1u/avrxmega7/crtatxmega128a1u.o
 .group         0x00000000        0x8 src/ASF/common/utils/stdio/read.o
 .group         0x00000000        0x8 src/ASF/common/utils/stdio/read.o
 .group         0x00000000        0x8 src/ASF/common/utils/stdio/read.o
 .group         0x00000000        0x8 src/ASF/common/utils/stdio/read.o
 .group         0x00000000        0x8 src/ASF/common/utils/stdio/read.o
 .group         0x00000000        0x8 src/ASF/common/utils/stdio/read.o
 .group         0x00000000        0x8 src/ASF/common/utils/stdio/read.o
 .group         0x00000000        0x8 src/ASF/common/utils/stdio/read.o
 .group         0x00000000        0x8 src/ASF/common/utils/stdio/read.o
 .group         0x00000000        0x8 src/ASF/common/utils/stdio/read.o
 .group         0x00000000        0x8 src/ASF/common/utils/stdio/read.o
 .group         0x00000000        0x8 src/ASF/common/utils/stdio/read.o
 .group         0x00000000        0x8 src/ASF/common/utils/stdio/read.o
 .group         0x00000000        0x8 src/ASF/common/utils/stdio/read.o
 .group         0x00000000        0x8 src/ASF/common/utils/stdio/read.o
 .group         0x00000000        0x8 src/ASF/common/utils/stdio/read.o
 .group         0x00000000        0x8 src/ASF/common/utils/stdio/read.o
 .group         0x00000000        0x8 src/ASF/common/utils/stdio/read.o
 .group         0x00000000        0x8 src/ASF/common/utils/stdio/read.o
 .group         0x00000000        0x8 src/ASF/common/utils/stdio/read.o
 .group         0x00000000        0x8 src/ASF/common/utils/stdio/read.o
 .group         0x00000000        0x8 src/ASF/common/utils/stdio/read.o
 .group         0x00000000        0x8 src/ASF/common/utils/stdio/read.o
 .group         0x00000000        0x8 src/ASF/common/utils/stdio/read.o
 .group         0x00000000        0x8 src/ASF/common/utils/stdio/read.o
 .group         0x00000000        0x8 src/ASF/common/utils/stdio/read.o
 .group         0x00000000        0x8 src/ASF/common/utils/stdio/read.o
 .group         0x00000000        0x8 src/ASF/common/utils/stdio/read.o
 .group         0x00000000        0x8 src/ASF/common/utils/stdio/read.o
 .group         0x00000000        0x8 src/ASF/common/utils/stdio/read.o
 .group         0x00000000        0x8 src/ASF/common/utils/stdio/read.o
 .text          0x00000000        0x0 src/ASF/common/utils/stdio/read.o
 .data          0x00000000        0x0 src/ASF/common/utils/stdio/read.o
 .bss           0x00000000        0x0 src/ASF/common/utils/stdio/read.o
 .text._read    0x00000000       0x32 src/ASF/common/utils/stdio/read.o
 .debug_info    0x00000000      0x119 src/ASF/common/utils/stdio/read.o
 .debug_abbrev  0x00000000       0xc5 src/ASF/common/utils/stdio/read.o
 .debug_loc     0x00000000       0x6e src/ASF/common/utils/stdio/read.o
 .debug_aranges
                0x00000000       0x20 src/ASF/common/utils/stdio/read.o
 .debug_ranges  0x00000000       0x10 src/ASF/common/utils/stdio/read.o
[...]
Memory Configuration

Name             Origin             Length             Attributes
text             0x00000000         0x00100000         xr
data             0x00802000         0x0000ffa0         rw !x
eeprom           0x00810000         0x00010000         rw !x
fuse             0x00820000         0x00000006         rw !x
lock             0x00830000         0x00000400         rw !x
signature        0x00840000         0x00000400         rw !x
user_signatures  0x00850000         0x00000400         rw !x
*default*        0x00000000         0xffffffff

Linker script and memory map

LOAD C:/Program Files (x86)/Atmel/Studio/7.0/Packs/atmel/XMEGAA_DFP/1.1.68/gcc/dev/atxmega128a1u/avrxmega7/crtatxmega128a1u.o
LOAD src/ASF/common/utils/stdio/read.o
LOAD src/ASF/xmega/drivers/adc/adc.o
LOAD src/ASF/xmega/drivers/usart/usart.o
LOAD src/ASF/xmega/drivers/adc/xmega_aau/adc_aau.o
LOAD src/ASF/common/utils/stdio/write.o
LOAD src/ASF/common/services/sleepmgr/xmega/sleepmgr.o
LOAD src/ASF/common/services/serial/usart_serial.o
LOAD src/ASF/common/services/ioport/xmega/ioport_compat.o
LOAD src/ASF/common/services/clock/xmega/sysclk.o
LOAD src/ASF/xmega/drivers/nvm/nvm.o
LOAD src/ASF/xmega/drivers/nvm/nvm_asm.o
LOAD src/ASF/xmega/drivers/cpu/ccp.o
LOAD src/ASF/common/boards/user_board/init.o
LOAD src/main.o
START GROUP
LOAD c:/program files (x86)/atmel/studio/7.0/toolchain/avr8/avr8-gnu-toolchain/bin/../lib/gcc/avr/5.4.0/../../../../avr/lib/avrxmega7\libm.a
END GROUP
START GROUP
LOAD c:/program files (x86)/atmel/studio/7.0/toolchain/avr8/avr8-gnu-toolchain/bin/../lib/gcc/avr/5.4.0/avrxmega7\libgcc.a
LOAD c:/program files (x86)/atmel/studio/7.0/toolchain/avr8/avr8-gnu-toolchain/bin/../lib/gcc/avr/5.4.0/../../../../avr/lib/avrxmega7\libm.a
LOAD c:/program files (x86)/atmel/studio/7.0/toolchain/avr8/avr8-gnu-toolchain/bin/../lib/gcc/avr/5.4.0/../../../../avr/lib/avrxmega7\libc.a
LOAD C:/Program Files (x86)/Atmel/Studio/7.0/Packs/atmel/XMEGAA_DFP/1.1.68/gcc/dev/atxmega128a1u/avrxmega7\libatxmega128a1u.a
END GROUP
                0x00100000                __TEXT_REGION_LENGTH__ = DEFINED (__TEXT_REGION_LENGTH__)?__TEXT_REGION_LENGTH__:0x100000
                0x0000ffa0                __DATA_REGION_LENGTH__ = DEFINED (__DATA_REGION_LENGTH__)?__DATA_REGION_LENGTH__:0xffa0
                0x00010000                __EEPROM_REGION_LENGTH__ = DEFINED (__EEPROM_REGION_LENGTH__)?__EEPROM_REGION_LENGTH__:0x10000
                [0x00000006]                __FUSE_REGION_LENGTH__ = DEFINED (__FUSE_REGION_LENGTH__)?__FUSE_REGION_LENGTH__:0x400
                0x00000400                __LOCK_REGION_LENGTH__ = DEFINED (__LOCK_REGION_LENGTH__)?__LOCK_REGION_LENGTH__:0x400
                0x00000400                __SIGNATURE_REGION_LENGTH__ = DEFINED (__SIGNATURE_REGION_LENGTH__)?__SIGNATURE_REGION_LENGTH__:0x400
                0x00000400                __USER_SIGNATURE_REGION_LENGTH__ = DEFINED (__USER_SIGNATURE_REGION_LENGTH__)?__USER_SIGNATURE_REGION_LENGTH__:0x400

.hash
 *(.hash)

.dynsym
 *(.dynsym)

.dynstr
 *(.dynstr)

.gnu.version
 *(.gnu.version)

.gnu.version_d
 *(.gnu.version_d)

.gnu.version_r
 *(.gnu.version_r)

.rel.init
 *(.rel.init)

.rela.init
 *(.rela.init)

.rel.text
 *(.rel.text)
 *(.rel.text.*)
 *(.rel.gnu.linkonce.t*)

.rela.text
 *(.rela.text)
 *(.rela.text.*)
 *(.rela.gnu.linkonce.t*)

.rel.fini
 *(.rel.fini)

.rela.fini
 *(.rela.fini)

.rel.rodata
 *(.rel.rodata)
 *(.rel.rodata.*)
 *(.rel.gnu.linkonce.r*)

.rela.rodata
 *(.rela.rodata)
 *(.rela.rodata.*)
 *(.rela.gnu.linkonce.r*)

.rel.data
 *(.rel.data)
 *(.rel.data.*)
 *(.rel.gnu.linkonce.d*)

.rela.data
 *(.rela.data)
 *(.rela.data.*)
 *(.rela.gnu.linkonce.d*)

.rel.ctors
 *(.rel.ctors)

.rela.ctors
 *(.rela.ctors)

.rel.dtors
 *(.rel.dtors)

.rela.dtors
 *(.rela.dtors)

.rel.got
 *(.rel.got)

.rela.got
 *(.rela.got)

.rel.bss
 *(.rel.bss)

.rela.bss
 *(.rela.bss)

.rel.plt
 *(.rel.plt)

.rela.plt
 *(.rela.plt)

.text           0x00000000      0x65e
 *(.vectors)
 .vectors       0x00000000      0x1fc C:/Program Files (x86)/Atmel/Studio/7.0/Packs/atmel/XMEGAA_DFP/1.1.68/gcc/dev/atxmega128a1u/avrxmega7/crtatxmega128a1u.o
                0x00000000                __vector_default
                0x00000000                __vectors
 *(.vectors)
 *(.progmem.gcc*)
                0x000001fc                . = ALIGN (0x2)
                0x000001fc                __trampolines_start = .
 *(.trampolines)
 .trampolines   0x000001fc        0x0 linker stubs
 *(.trampolines*)
                0x000001fc                __trampolines_end = .
 *libprintf_flt.a:*(.progmem.data)
 *libc.a:*(.progmem.data)
 *(.progmem*)
                0x000001fc                . = ALIGN (0x2)
 *(.jumptables)
 *(.jumptables*)
 *(.lowtext)
 *(.lowtext*)
                0x000001fc                __ctors_start = .
 *(.ctors)
                0x000001fc                __ctors_end = .
                0x000001fc                __dtors_start = .
 *(.dtors)
                0x000001fc                __dtors_end = .
 SORT(*)(.ctors)
 SORT(*)(.dtors)
 *(.init0)
 .init0         0x000001fc        0x0 C:/Program Files (x86)/Atmel/Studio/7.0/Packs/atmel/XMEGAA_DFP/1.1.68/gcc/dev/atxmega128a1u/avrxmega7/crtatxmega128a1u.o
                0x000001fc                __init
 *(.init0)
 *(.init1)
 *(.init1)
 *(.init2)
 .init2         0x000001fc       0x18 C:/Program Files (x86)/Atmel/Studio/7.0/Packs/atmel/XMEGAA_DFP/1.1.68/gcc/dev/atxmega128a1u/avrxmega7/crtatxmega128a1u.o
 *(.init2)
 *(.init3)
 *(.init3)
 *(.init4)
 .init4         0x00000214       0x1c c:/program files (x86)/atmel/studio/7.0/toolchain/avr8/avr8-gnu-toolchain/bin/../lib/gcc/avr/5.4.0/avrxmega7\libgcc.a(_copy_data.o)
                0x00000214                __do_copy_data
 .init4         0x00000230       0x10 c:/program files (x86)/atmel/studio/7.0/toolchain/avr8/avr8-gnu-toolchain/bin/../lib/gcc/avr/5.4.0/avrxmega7\libgcc.a(_clear_bss.o)
                0x00000230                __do_clear_bss
 *(.init4)
 *(.init5)
 *(.init5)
 *(.init6)
 *(.init6)
 *(.init7)
 *(.init7)
 *(.init8)
 *(.init8)
 *(.init9)
 .init9         0x00000240        0x4 C:/Program Files (x86)/Atmel/Studio/7.0/Packs/atmel/XMEGAA_DFP/1.1.68/gcc/dev/atxmega128a1u/avrxmega7/crtatxmega128a1u.o
 *(.init9)
 *(.text)
 .text          0x00000244        0x2 C:/Program Files (x86)/Atmel/Studio/7.0/Packs/atmel/XMEGAA_DFP/1.1.68/gcc/dev/atxmega128a1u/avrxmega7/crtatxmega128a1u.o
                0x00000244                __vector_38
                0x00000244                __vector_104
                0x00000244                __vector_22
                0x00000244                __vector_63
                0x00000244                __vector_28
                0x00000244                __vector_67
                0x00000244                __vector_1
                0x00000244                __vector_119
                0x00000244                __vector_32
                0x00000244                __vector_75
                0x00000244                __vector_91
                0x00000244                __vector_34
                0x00000244                __vector_62
                0x00000244                __vector_77
                0x00000244                __vector_102
                0x00000244                __vector_24
                0x00000244                __vector_12
                0x00000244                __vector_55
                0x00000244                __vector_69
                0x00000244                __vector_81
                0x00000244                __vector_90
                0x00000244                __vector_46
                0x00000244                __bad_interrupt
                0x00000244                __vector_122
                0x00000244                __vector_114
                0x00000244                __vector_6
                0x00000244                __vector_110
                0x00000244                __vector_31
                0x00000244                __vector_92
                0x00000244                __vector_35
                0x00000244                __vector_78
                0x00000244                __vector_117
                0x00000244                __vector_107
                0x00000244                __vector_3
                0x00000244                __vector_105
                0x00000244                __vector_98
                0x00000244                __vector_23
                0x00000244                __vector_68
                0x00000244                __vector_30
                0x00000244                __vector_45
                0x00000244                __vector_25
                0x00000244                __vector_93
                0x00000244                __vector_61
                0x00000244                __vector_11
                0x00000244                __vector_54
                0x00000244                __vector_99
                0x00000244                __vector_13
                0x00000244                __vector_17
                0x00000244                __vector_19
                0x00000244                __vector_56
                0x00000244                __vector_7
                0x00000244                __vector_125
                0x00000244                __vector_49
                0x00000244                __vector_123
                0x00000244                __vector_86
                0x00000244                __vector_100
                0x00000244                __vector_101
                0x00000244                __vector_64
                0x00000244                __vector_88
                0x00000244                __vector_109
                0x00000244                __vector_43
                0x00000244                __vector_27
                0x00000244                __vector_5
                0x00000244                __vector_113
                0x00000244                __vector_33
                0x00000244                __vector_76
                0x00000244                __vector_115
                0x00000244                __vector_47
                0x00000244                __vector_52
                0x00000244                __vector_37
                0x00000244                __vector_95
                0x00000244                __vector_103
                0x00000244                __vector_96
                0x00000244                __vector_89
                0x00000244                __vector_108
                0x00000244                __vector_4
                0x00000244                __vector_44
                0x00000244                __vector_82
                0x00000244                __vector_106
                0x00000244                __vector_118
                0x00000244                __vector_51
                0x00000244                __vector_9
                0x00000244                __vector_2
                0x00000244                __vector_21
                0x00000244                __vector_15
                0x00000244                __vector_66
                0x00000244                __vector_36
                0x00000244                __vector_79
                0x00000244                __vector_58
                0x00000244                __vector_70
                0x00000244                __vector_83
                0x00000244                __vector_29
                0x00000244                __vector_60
                0x00000244                __vector_121
                0x00000244                __vector_85
                0x00000244                __vector_94
                0x00000244                __vector_126
                0x00000244                __vector_8
                0x00000244                __vector_26
                0x00000244                __vector_48
                0x00000244                __vector_124
                0x00000244                __vector_116
                0x00000244                __vector_112
                0x00000244                __vector_111
                0x00000244                __vector_80
                0x00000244                __vector_14
                0x00000244                __vector_84
                0x00000244                __vector_57
                0x00000244                __vector_53
                0x00000244                __vector_10
                0x00000244                __vector_50
                0x00000244                __vector_16
                0x00000244                __vector_59
                0x00000244                __vector_18
                0x00000244                __vector_97
                0x00000244                __vector_20
                0x00000244                __vector_87
                0x00000244                __vector_65
                0x00000244                __vector_120
                0x00000246                . = ALIGN (0x2)
 *(.text.*)
 .text.__vector_71
                0x00000246       0x7a src/ASF/xmega/drivers/adc/xmega_aau/adc_aau.o
                0x00000246                __vector_71
 .text.__vector_72
                0x000002c0       0x7a src/ASF/xmega/drivers/adc/xmega_aau/adc_aau.o
                0x000002c0                __vector_72
 .text.__vector_73
                0x0000033a       0x7a src/ASF/xmega/drivers/adc/xmega_aau/adc_aau.o
                0x0000033a                __vector_73
 .text.__vector_74
                0x000003b4       0x7a src/ASF/xmega/drivers/adc/xmega_aau/adc_aau.o
                0x000003b4                __vector_74
 .text.__vector_39
                0x0000042e       0x7a src/ASF/xmega/drivers/adc/xmega_aau/adc_aau.o
                0x0000042e                __vector_39
 .text.__vector_40
                0x000004a8       0x7a src/ASF/xmega/drivers/adc/xmega_aau/adc_aau.o
                0x000004a8                __vector_40
 .text.__vector_41
                0x00000522       0x7a src/ASF/xmega/drivers/adc/xmega_aau/adc_aau.o
                0x00000522                __vector_41
 .text.__vector_42
                0x0000059c       0x7a src/ASF/xmega/drivers/adc/xmega_aau/adc_aau.o
                0x0000059c                __vector_42
 .text.board_init
                0x00000616        0x2 src/ASF/common/boards/user_board/init.o
                0x00000616                board_init
 .text.__portable_avr_delay_cycles
                0x00000618       0x16 src/main.o
 .text.main     0x0000062e       0x2c src/main.o
                0x0000062e                main
                0x0000065a                . = ALIGN (0x2)
 *(.fini9)
 .fini9         0x0000065a        0x0 c:/program files (x86)/atmel/studio/7.0/toolchain/avr8/avr8-gnu-toolchain/bin/../lib/gcc/avr/5.4.0/avrxmega7\libgcc.a(_exit.o)
                0x0000065a                _exit
                0x0000065a                exit
 *(.fini9)
 *(.fini8)
 *(.fini8)
 *(.fini7)
 *(.fini7)
 *(.fini6)
 *(.fini6)
 *(.fini5)
 *(.fini5)
 *(.fini4)
 *(.fini4)
 *(.fini3)
 *(.fini3)
 *(.fini2)
 *(.fini2)
 *(.fini1)
 *(.fini1)
 *(.fini0)
 .fini0         0x0000065a        0x4 c:/program files (x86)/atmel/studio/7.0/toolchain/avr8/avr8-gnu-toolchain/bin/../lib/gcc/avr/5.4.0/avrxmega7\libgcc.a(_exit.o)
 *(.fini0)
                0x0000065e                _etext = .

.data           0x00802000        0x0 load address 0x0000065e
                0x00802000                PROVIDE (__data_start, .)
 *(.data)
 *(.data*)
 *(.gnu.linkonce.d*)
 *(.rodata)
 *(.rodata*)
 *(.gnu.linkonce.r*)
                0x00802000                . = ALIGN (0x2)
                0x00802000                _edata = .
                0x00802000                PROVIDE (__data_end, .)

.bss            0x00802000        0x4
                0x00802000                PROVIDE (__bss_start, .)
 *(.bss)
 *(.bss*)
 *(COMMON)
 COMMON         0x00802000        0x4 src/ASF/xmega/drivers/adc/adc.o
                0x00802000                adcb_callback
                0x00802002                adca_callback
                0x00802004                PROVIDE (__bss_end, .)
                0x0000065e                __data_load_start = LOADADDR (.data)
                0x0000065e                __data_load_end = (__data_load_start + SIZEOF (.data))

.noinit         0x00802004        0x0
                [!provide]                PROVIDE (__noinit_start, .)
 *(.noinit*)
                [!provide]                PROVIDE (__noinit_end, .)
                0x00802004                _end = .
                [!provide]                PROVIDE (__heap_start, .)

.eeprom         0x00810000        0x0
 *(.eeprom*)
                0x00810000                __eeprom_end = .

.fuse
 *(.fuse)
 *(.lfuse)
 *(.hfuse)
 *(.efuse)

.lock
 *(.lock*)

.signature
 *(.signature*)

.user_signatures
 *(.user_signatures*)

.stab
 *(.stab)

.stabstr
 *(.stabstr)

.stab.excl
 *(.stab.excl)

.stab.exclstr
 *(.stab.exclstr)

.stab.index
 *(.stab.index)

.stab.indexstr
 *(.stab.indexstr)

.comment        0x00000000       0x30
 *(.comment)
 .comment       0x00000000       0x30 src/ASF/xmega/drivers/adc/adc.o
                                 0x31 (size before relaxing)
 .comment       0x00000030       0x31 src/ASF/xmega/drivers/adc/xmega_aau/adc_aau.o
 .comment       0x00000030       0x31 src/ASF/common/boards/user_board/init.o
 .comment       0x00000030       0x31 src/main.o

.note.gnu.avr.deviceinfo
                0x00000000       0x40
 .note.gnu.avr.deviceinfo
                0x00000000       0x40 C:/Program Files (x86)/Atmel/Studio/7.0/Packs/atmel/XMEGAA_DFP/1.1.68/gcc/dev/atxmega128a1u/avrxmega7/crtatxmega128a1u.o

.note.gnu.build-id
 *(.note.gnu.build-id)

.debug
 *(.debug)

.line
 *(.line)

.debug_srcinfo
 *(.debug_srcinfo)

.debug_sfnames
 *(.debug_sfnames)

.debug_aranges  0x00000000      0x108
 *(.debug_aranges)
 .debug_aranges
                0x00000000       0x48 src/ASF/xmega/drivers/adc/adc.o
 .debug_aranges
                0x00000048       0x78 src/ASF/xmega/drivers/adc/xmega_aau/adc_aau.o
 .debug_aranges
                0x000000c0       0x20 src/ASF/common/boards/user_board/init.o
 .debug_aranges
                0x000000e0       0x28 src/main.o

.debug_pubnames
 *(.debug_pubnames)

.debug_info     0x00000000     0x5e57
 *(.debug_info .gnu.linkonce.wi.*)
 .debug_info    0x00000000     0x3e5a C:/Program Files (x86)/Atmel/Studio/7.0/Packs/atmel/XMEGAA_DFP/1.1.68/gcc/dev/atxmega128a1u/avrxmega7/crtatxmega128a1u.o
 .debug_info    0x00003e5a      0xa8f src/ASF/xmega/drivers/adc/adc.o
 .debug_info    0x000048e9      0xe9a src/ASF/xmega/drivers/adc/xmega_aau/adc_aau.o
 .debug_info    0x00005783      0x1d3 src/ASF/common/boards/user_board/init.o
 .debug_info    0x00005956      0x501 src/main.o

.debug_abbrev   0x00000000     0x4374
 *(.debug_abbrev)
 .debug_abbrev  0x00000000     0x3b0e C:/Program Files (x86)/Atmel/Studio/7.0/Packs/atmel/XMEGAA_DFP/1.1.68/gcc/dev/atxmega128a1u/avrxmega7/crtatxmega128a1u.o
 .debug_abbrev  0x00003b0e      0x2b4 src/ASF/xmega/drivers/adc/adc.o
 .debug_abbrev  0x00003dc2      0x320 src/ASF/xmega/drivers/adc/xmega_aau/adc_aau.o
 .debug_abbrev  0x000040e2       0xdc src/ASF/common/boards/user_board/init.o
 .debug_abbrev  0x000041be      0x1b6 src/main.o

.debug_line     0x00000000     0x2574
 *(.debug_line .debug_line.* .debug_line_end)
 .debug_line    0x00000000      0x3b5 C:/Program Files (x86)/Atmel/Studio/7.0/Packs/atmel/XMEGAA_DFP/1.1.68/gcc/dev/atxmega128a1u/avrxmega7/crtatxmega128a1u.o
 .debug_line    0x000003b5      0x7c3 src/ASF/xmega/drivers/adc/adc.o
 .debug_line    0x00000b78      0x973 src/ASF/xmega/drivers/adc/xmega_aau/adc_aau.o
 .debug_line    0x000014eb      0x80a src/ASF/common/boards/user_board/init.o
 .debug_line    0x00001cf5      0x87f src/main.o

.debug_frame    0x00000000      0x4f8
 *(.debug_frame)
 .debug_frame   0x00000000       0xbc src/ASF/xmega/drivers/adc/adc.o
 .debug_frame   0x000000bc      0x3e4 src/ASF/xmega/drivers/adc/xmega_aau/adc_aau.o
 .debug_frame   0x000004a0       0x24 src/ASF/common/boards/user_board/init.o
 .debug_frame   0x000004c4       0x34 src/main.o

.debug_str      0x00000000    0x31597
 *(.debug_str)
 .debug_str     0x00000000     0x2969 C:/Program Files (x86)/Atmel/Studio/7.0/Packs/atmel/XMEGAA_DFP/1.1.68/gcc/dev/atxmega128a1u/avrxmega7/crtatxmega128a1u.o
 .debug_str     0x00002969    0x2d508 src/ASF/xmega/drivers/adc/adc.o
                              0x2dbad (size before relaxing)
 .debug_str     0x0002fe71      0x5d2 src/ASF/xmega/drivers/adc/xmega_aau/adc_aau.o
                              0x2de40 (size before relaxing)
 .debug_str     0x00030443      0xc7b src/ASF/common/boards/user_board/init.o
                              0x2e2c0 (size before relaxing)
 .debug_str     0x000310be      0x4d9 src/main.o
                              0x2e90f (size before relaxing)

.debug_loc      0x00000000     0x1023
 *(.debug_loc)
 .debug_loc     0x00000000      0x2b3 src/ASF/xmega/drivers/adc/adc.o
 .debug_loc     0x000002b3      0xd3c src/ASF/xmega/drivers/adc/xmega_aau/adc_aau.o
 .debug_loc     0x00000fef       0x34 src/main.o

.debug_macinfo
 *(.debug_macinfo)

.debug_weaknames
 *(.debug_weaknames)

.debug_funcnames
 *(.debug_funcnames)

.debug_typenames
 *(.debug_typenames)

.debug_varnames
 *(.debug_varnames)

.debug_pubtypes
 *(.debug_pubtypes)

.debug_ranges   0x00000000       0xc8
 *(.debug_ranges)
 .debug_ranges  0x00000000       0x38 src/ASF/xmega/drivers/adc/adc.o
 .debug_ranges  0x00000038       0x68 src/ASF/xmega/drivers/adc/xmega_aau/adc_aau.o
 .debug_ranges  0x000000a0       0x10 src/ASF/common/boards/user_board/init.o
 .debug_ranges  0x000000b0       0x18 src/main.o

.debug_macro    0x00000000     0x1402
 *(.debug_macro)
 .debug_macro   0x00000000      0x23a src/ASF/xmega/drivers/adc/adc.o
 .debug_macro   0x0000023a       0x10 src/ASF/xmega/drivers/adc/adc.o
 .debug_macro   0x0000024a       0x20 src/ASF/xmega/drivers/adc/adc.o
 .debug_macro   0x0000026a       0x10 src/ASF/xmega/drivers/adc/adc.o
 .debug_macro   0x0000027a       0x42 src/ASF/xmega/drivers/adc/adc.o
 .debug_macro   0x000002bc       0x22 src/ASF/xmega/drivers/adc/adc.o
 .debug_macro   0x000002de      0x2c3 src/ASF/xmega/drivers/adc/adc.o
 .debug_macro   0x000005a1       0x64 src/ASF/xmega/drivers/adc/adc.o
 .debug_macro   0x00000605       0x2f src/ASF/xmega/drivers/adc/adc.o
 .debug_macro   0x00000634      0x154 src/ASF/xmega/drivers/adc/adc.o
 .debug_macro   0x00000788       0xe3 src/ASF/xmega/drivers/adc/adc.o
 .debug_macro   0x0000086b      0x23a src/ASF/xmega/drivers/adc/xmega_aau/adc_aau.o
 .debug_macro   0x00000aa5      0x2f1 src/ASF/common/boards/user_board/init.o
 .debug_macro   0x00000d96       0x34 src/ASF/common/boards/user_board/init.o
 .debug_macro   0x00000dca       0x28 src/ASF/common/boards/user_board/init.o
 .debug_macro   0x00000df2       0x22 src/ASF/common/boards/user_board/init.o
 .debug_macro   0x00000e14       0x58 src/ASF/common/boards/user_board/init.o
 .debug_macro   0x00000e6c       0x10 src/ASF/common/boards/user_board/init.o
 .debug_macro   0x00000e7c       0xf2 src/ASF/common/boards/user_board/init.o
 .debug_macro   0x00000f6e       0x3a src/ASF/common/boards/user_board/init.o
 .debug_macro   0x00000fa8      0x2fa src/main.o
 .debug_macro   0x000012a2      0x160 src/main.o
OUTPUT(One Month Team 4.elf elf32-avr)
LOAD linker stubs
