Archive member included to satisfy reference by file (symbol)

c:/program files (x86)/atmel/studio/7.0/toolchain/avr8/avr8-gnu-toolchain/bin/../lib/gcc/avr/5.4.0/avrxmega7\libgcc.a(_udivmodsi4.o)
                              src/ASF/xmega/drivers/usart/usart.o (__udivmodsi4)
c:/program files (x86)/atmel/studio/7.0/toolchain/avr8/avr8-gnu-toolchain/bin/../lib/gcc/avr/5.4.0/avrxmega7\libgcc.a(_exit.o)
                              C:/Program Files (x86)/Atmel/Studio/7.0/Packs/atmel/XMEGAA_DFP/1.1.68/gcc/dev/atxmega128a1u/avrxmega7/crtatxmega128a1u.o (exit)
c:/program files (x86)/atmel/studio/7.0/toolchain/avr8/avr8-gnu-toolchain/bin/../lib/gcc/avr/5.4.0/avrxmega7\libgcc.a(_copy_data.o)
                              src/ASF/common/services/sleepmgr/xmega/sleepmgr.o (__do_copy_data)
c:/program files (x86)/atmel/studio/7.0/toolchain/avr8/avr8-gnu-toolchain/bin/../lib/gcc/avr/5.4.0/avrxmega7\libgcc.a(_clear_bss.o)
                              src/ASF/common/utils/stdio/read.o (__do_clear_bss)
c:/program files (x86)/atmel/studio/7.0/toolchain/avr8/avr8-gnu-toolchain/bin/../lib/gcc/avr/5.4.0/avrxmega7\libgcc.a(_umulhisi3.o)
                              src/main.o (__umulhisi3)
c:/program files (x86)/atmel/studio/7.0/toolchain/avr8/avr8-gnu-toolchain/bin/../lib/gcc/avr/5.4.0/../../../../avr/lib/avrxmega7\libc.a(memcpy.o)
                              src/ASF/xmega/drivers/nvm/nvm.o (memcpy)
c:/program files (x86)/atmel/studio/7.0/toolchain/avr8/avr8-gnu-toolchain/bin/../lib/gcc/avr/5.4.0/../../../../avr/lib/avrxmega7\libc.a(fdevopen.o)
                              src/Drivers/uart.o (fdevopen)
c:/program files (x86)/atmel/studio/7.0/toolchain/avr8/avr8-gnu-toolchain/bin/../lib/gcc/avr/5.4.0/../../../../avr/lib/avrxmega7\libc.a(iob.o)
                              c:/program files (x86)/atmel/studio/7.0/toolchain/avr8/avr8-gnu-toolchain/bin/../lib/gcc/avr/5.4.0/../../../../avr/lib/avrxmega7\libc.a(fdevopen.o) (__iob)
c:/program files (x86)/atmel/studio/7.0/toolchain/avr8/avr8-gnu-toolchain/bin/../lib/gcc/avr/5.4.0/../../../../avr/lib/avrxmega7\libc.a(calloc.o)
                              c:/program files (x86)/atmel/studio/7.0/toolchain/avr8/avr8-gnu-toolchain/bin/../lib/gcc/avr/5.4.0/../../../../avr/lib/avrxmega7\libc.a(fdevopen.o) (calloc)
c:/program files (x86)/atmel/studio/7.0/toolchain/avr8/avr8-gnu-toolchain/bin/../lib/gcc/avr/5.4.0/../../../../avr/lib/avrxmega7\libc.a(malloc.o)
                              c:/program files (x86)/atmel/studio/7.0/toolchain/avr8/avr8-gnu-toolchain/bin/../lib/gcc/avr/5.4.0/../../../../avr/lib/avrxmega7\libc.a(calloc.o) (malloc)
c:/program files (x86)/atmel/studio/7.0/toolchain/avr8/avr8-gnu-toolchain/bin/../lib/gcc/avr/5.4.0/../../../../avr/lib/avrxmega7\libc.a(memset.o)
                              c:/program files (x86)/atmel/studio/7.0/toolchain/avr8/avr8-gnu-toolchain/bin/../lib/gcc/avr/5.4.0/../../../../avr/lib/avrxmega7\libc.a(calloc.o) (memset)

Allocating common symbols
Common symbol       size              file

adcb_callback       0x2               src/ASF/xmega/drivers/adc/adc.o
ptr_get             0x2               src/ASF/common/utils/stdio/read.o
__brkval            0x2               c:/program files (x86)/atmel/studio/7.0/toolchain/avr8/avr8-gnu-toolchain/bin/../lib/gcc/avr/5.4.0/../../../../avr/lib/avrxmega7\libc.a(malloc.o)
ptr_put             0x2               src/ASF/common/utils/stdio/write.o
stdio_base          0x2               src/ASF/common/utils/stdio/write.o
sleepmgr_locks      0x6               src/ASF/common/services/sleepmgr/xmega/sleepmgr.o
__flp               0x2               c:/program files (x86)/atmel/studio/7.0/toolchain/avr8/avr8-gnu-toolchain/bin/../lib/gcc/avr/5.4.0/../../../../avr/lib/avrxmega7\libc.a(malloc.o)
__iob               0x6               c:/program files (x86)/atmel/studio/7.0/toolchain/avr8/avr8-gnu-toolchain/bin/../lib/gcc/avr/5.4.0/../../../../avr/lib/avrxmega7\libc.a(iob.o)
adca_callback       0x2               src/ASF/xmega/drivers/adc/adc.o

Discarded input sections

 .data          0x00000000        0x0 C:/Program Files (x86)/Atmel/Studio/7.0/Packs/atmel/XMEGAA_DFP/1.1.68/gcc/dev/atxmega128a1u/avrxmega7/crtatxmega128a1u.o
 .bss           0x00000000        0x0 C:/Program Files (x86)/Atmel/Studio/7.0/Packs/atmel/XMEGAA_DFP/1.1.68/gcc/dev/atxmega128a1u/avrxmega7/crtatxmega128a1u.o
 .group         0x00000000        0x8 src/ASF/common/utils/stdio/read.o
 .group         0x00000000        0x8 src/ASF/common/utils/stdio/read.o
 .group         0x00000000        0x8 src/ASF/common/utils/stdio/read.o
 .group         0x00000000        0x8 src/ASF/common/utils/stdio/read.o
 .group         0x00000000        0x8 src/ASF/common/utils/stdio/read.o
 .group         0x00000000        0x8 src/ASF/common/utils/stdio/read.o
 .group         0x00000000        0x8 src/ASF/common/utils/stdio/read.o
 .group         0x00000000        0x8 src/ASF/common/utils/stdio/read.o
 .group         0x00000000        0x8 src/ASF/common/utils/stdio/read.o
[...]
Memory Configuration

Name             Origin             Length             Attributes
text             0x00000000         0x00100000         xr
data             0x00802000         0x0000ffa0         rw !x
eeprom           0x00810000         0x00010000         rw !x
fuse             0x00820000         0x00000006         rw !x
lock             0x00830000         0x00000400         rw !x
signature        0x00840000         0x00000400         rw !x
user_signatures  0x00850000         0x00000400         rw !x
*default*        0x00000000         0xffffffff

Linker script and memory map

LOAD C:/Program Files (x86)/Atmel/Studio/7.0/Packs/atmel/XMEGAA_DFP/1.1.68/gcc/dev/atxmega128a1u/avrxmega7/crtatxmega128a1u.o
LOAD src/ASF/common/utils/stdio/read.o
LOAD src/ASF/xmega/drivers/adc/adc.o
LOAD src/ASF/xmega/drivers/usart/usart.o
LOAD src/ASF/xmega/drivers/adc/xmega_aau/adc_aau.o
LOAD src/ASF/common/utils/stdio/write.o
LOAD src/ASF/common/services/sleepmgr/xmega/sleepmgr.o
LOAD src/ASF/common/services/serial/usart_serial.o
LOAD src/ASF/common/services/ioport/xmega/ioport_compat.o
LOAD src/ASF/common/services/clock/xmega/sysclk.o
LOAD src/ASF/xmega/drivers/nvm/nvm.o
LOAD src/ASF/xmega/drivers/nvm/nvm_asm.o
LOAD src/ASF/xmega/drivers/cpu/ccp.o
LOAD src/ASF/common/boards/user_board/init.o
LOAD src/Drivers/uart.o
LOAD src/main.o
START GROUP
LOAD c:/program files (x86)/atmel/studio/7.0/toolchain/avr8/avr8-gnu-toolchain/bin/../lib/gcc/avr/5.4.0/../../../../avr/lib/avrxmega7\libm.a
END GROUP
START GROUP
LOAD c:/program files (x86)/atmel/studio/7.0/toolchain/avr8/avr8-gnu-toolchain/bin/../lib/gcc/avr/5.4.0/avrxmega7\libgcc.a
LOAD c:/program files (x86)/atmel/studio/7.0/toolchain/avr8/avr8-gnu-toolchain/bin/../lib/gcc/avr/5.4.0/../../../../avr/lib/avrxmega7\libm.a
LOAD c:/program files (x86)/atmel/studio/7.0/toolchain/avr8/avr8-gnu-toolchain/bin/../lib/gcc/avr/5.4.0/../../../../avr/lib/avrxmega7\libc.a
LOAD C:/Program Files (x86)/Atmel/Studio/7.0/Packs/atmel/XMEGAA_DFP/1.1.68/gcc/dev/atxmega128a1u/avrxmega7\libatxmega128a1u.a
END GROUP
                0x00100000                __TEXT_REGION_LENGTH__ = DEFINED (__TEXT_REGION_LENGTH__)?__TEXT_REGION_LENGTH__:0x100000
                0x0000ffa0                __DATA_REGION_LENGTH__ = DEFINED (__DATA_REGION_LENGTH__)?__DATA_REGION_LENGTH__:0xffa0
                0x00010000                __EEPROM_REGION_LENGTH__ = DEFINED (__EEPROM_REGION_LENGTH__)?__EEPROM_REGION_LENGTH__:0x10000
                [0x00000006]                __FUSE_REGION_LENGTH__ = DEFINED (__FUSE_REGION_LENGTH__)?__FUSE_REGION_LENGTH__:0x400
                0x00000400                __LOCK_REGION_LENGTH__ = DEFINED (__LOCK_REGION_LENGTH__)?__LOCK_REGION_LENGTH__:0x400
                0x00000400                __SIGNATURE_REGION_LENGTH__ = DEFINED (__SIGNATURE_REGION_LENGTH__)?__SIGNATURE_REGION_LENGTH__:0x400
                0x00000400                __USER_SIGNATURE_REGION_LENGTH__ = DEFINED (__USER_SIGNATURE_REGION_LENGTH__)?__USER_SIGNATURE_REGION_LENGTH__:0x400

.hash
 *(.hash)

.dynsym
 *(.dynsym)

.dynstr
 *(.dynstr)

.gnu.version
 *(.gnu.version)

.gnu.version_d
 *(.gnu.version_d)

.gnu.version_r
 *(.gnu.version_r)

.rel.init
 *(.rel.init)

.rela.init
 *(.rela.init)

.rel.text
 *(.rel.text)
 *(.rel.text.*)
 *(.rel.gnu.linkonce.t*)

.rela.text
 *(.rela.text)
 *(.rela.text.*)
 *(.rela.gnu.linkonce.t*)

.rel.fini
 *(.rel.fini)

.rela.fini
 *(.rela.fini)

.rel.rodata
 *(.rel.rodata)
 *(.rel.rodata.*)
 *(.rel.gnu.linkonce.r*)

.rela.rodata
 *(.rela.rodata)
 *(.rela.rodata.*)
 *(.rela.gnu.linkonce.r*)

.rel.data
 *(.rel.data)
 *(.rel.data.*)
 *(.rel.gnu.linkonce.d*)

.rela.data
 *(.rela.data)
 *(.rela.data.*)
 *(.rela.gnu.linkonce.d*)

.rel.ctors
 *(.rel.ctors)

.rela.ctors
 *(.rela.ctors)

.rel.dtors
 *(.rel.dtors)

.rela.dtors
 *(.rela.dtors)

.rel.got
 *(.rel.got)

.rela.got
 *(.rela.got)

.rel.bss
 *(.rel.bss)

.rela.bss
 *(.rela.bss)

.rel.plt
 *(.rel.plt)

.rela.plt
 *(.rela.plt)

.text           0x00000000     0x1038
 *(.vectors)
 .vectors       0x00000000      0x1fc C:/Program Files (x86)/Atmel/Studio/7.0/Packs/atmel/XMEGAA_DFP/1.1.68/gcc/dev/atxmega128a1u/avrxmega7/crtatxmega128a1u.o
                0x00000000                __vector_default
                0x00000000                __vectors
 *(.vectors)
 *(.progmem.gcc*)
                0x000001fc                . = ALIGN (0x2)
                0x000001fc                __trampolines_start = .
 *(.trampolines)
 .trampolines   0x000001fc        0x0 linker stubs
 *(.trampolines*)
                0x000001fc                __trampolines_end = .
 *libprintf_flt.a:*(.progmem.data)
 *libc.a:*(.progmem.data)
 *(.progmem*)
                0x000001fc                . = ALIGN (0x2)
 *(.jumptables)
 *(.jumptables*)
 *(.lowtext)
 *(.lowtext*)
                0x000001fc                __ctors_start = .
 *(.ctors)
                0x000001fc                __ctors_end = .
                0x000001fc                __dtors_start = .
 *(.dtors)
                0x000001fc                __dtors_end = .
 SORT(*)(.ctors)
 SORT(*)(.dtors)
 *(.init0)
 .init0         0x000001fc        0x0 C:/Program Files (x86)/Atmel/Studio/7.0/Packs/atmel/XMEGAA_DFP/1.1.68/gcc/dev/atxmega128a1u/avrxmega7/crtatxmega128a1u.o
                0x000001fc                __init
 *(.init0)
 *(.init1)
 *(.init1)
 *(.init2)
 .init2         0x000001fc       0x18 C:/Program Files (x86)/Atmel/Studio/7.0/Packs/atmel/XMEGAA_DFP/1.1.68/gcc/dev/atxmega128a1u/avrxmega7/crtatxmega128a1u.o
 *(.init2)
 *(.init3)
 *(.init3)
 *(.init4)
 .init4         0x00000214       0x1c c:/program files (x86)/atmel/studio/7.0/toolchain/avr8/avr8-gnu-toolchain/bin/../lib/gcc/avr/5.4.0/avrxmega7\libgcc.a(_copy_data.o)
                0x00000214                __do_copy_data
 .init4         0x00000230       0x10 c:/program files (x86)/atmel/studio/7.0/toolchain/avr8/avr8-gnu-toolchain/bin/../lib/gcc/avr/5.4.0/avrxmega7\libgcc.a(_clear_bss.o)
                0x00000230                __do_clear_bss
 *(.init4)
 *(.init5)
 *(.init5)
 *(.init6)
 *(.init6)
 *(.init7)
 *(.init7)
 *(.init8)
 *(.init8)
 *(.init9)
 .init9         0x00000240        0x4 C:/Program Files (x86)/Atmel/Studio/7.0/Packs/atmel/XMEGAA_DFP/1.1.68/gcc/dev/atxmega128a1u/avrxmega7/crtatxmega128a1u.o
 *(.init9)
 *(.text)
 .text          0x00000244        0x2 C:/Program Files (x86)/Atmel/Studio/7.0/Packs/atmel/XMEGAA_DFP/1.1.68/gcc/dev/atxmega128a1u/avrxmega7/crtatxmega128a1u.o
                0x00000244                __vector_38
                0x00000244                __vector_104
                0x00000244                __vector_22
                0x00000244                __vector_63
                0x00000244                __vector_28
                0x00000244                __vector_67
                0x00000244                __vector_1
                0x00000244                __vector_119
                0x00000244                __vector_32
                0x00000244                __vector_75
                0x00000244                __vector_91
                0x00000244                __vector_34
                0x00000244                __vector_62
                0x00000244                __vector_77
                0x00000244                __vector_102
                0x00000244                __vector_24
                0x00000244                __vector_12
                0x00000244                __vector_55
                0x00000244                __vector_69
                0x00000244                __vector_81
                0x00000244                __vector_90
                0x00000244                __vector_46
                0x00000244                __bad_interrupt
                0x00000244                __vector_122
                0x00000244                __vector_114
                0x00000244                __vector_6
                0x00000244                __vector_110
                0x00000244                __vector_31
                0x00000244                __vector_92
                0x00000244                __vector_35
                0x00000244                __vector_78
                0x00000244                __vector_117
                0x00000244                __vector_107
                0x00000244                __vector_3
                0x00000244                __vector_105
                0x00000244                __vector_98
                0x00000244                __vector_23
                0x00000244                __vector_68
                0x00000244                __vector_30
                0x00000244                __vector_45
                0x00000244                __vector_25
                0x00000244                __vector_93
                0x00000244                __vector_61
                0x00000244                __vector_11
                0x00000244                __vector_54
                0x00000244                __vector_99
                0x00000244                __vector_13
                0x00000244                __vector_17
                0x00000244                __vector_19
                0x00000244                __vector_56
                0x00000244                __vector_7
                0x00000244                __vector_125
                0x00000244                __vector_49
                0x00000244                __vector_123
                0x00000244                __vector_86
                0x00000244                __vector_100
                0x00000244                __vector_101
                0x00000244                __vector_64
                0x00000244                __vector_88
                0x00000244                __vector_109
                0x00000244                __vector_43
                0x00000244                __vector_27
                0x00000244                __vector_5
                0x00000244                __vector_113
                0x00000244                __vector_33
                0x00000244                __vector_76
                0x00000244                __vector_115
                0x00000244                __vector_47
                0x00000244                __vector_52
                0x00000244                __vector_37
                0x00000244                __vector_95
                0x00000244                __vector_103
                0x00000244                __vector_96
                0x00000244                __vector_89
                0x00000244                __vector_108
                0x00000244                __vector_4
                0x00000244                __vector_44
                0x00000244                __vector_82
                0x00000244                __vector_106
                0x00000244                __vector_118
                0x00000244                __vector_51
                0x00000244                __vector_9
                0x00000244                __vector_2
                0x00000244                __vector_21
                0x00000244                __vector_15
                0x00000244                __vector_66
                0x00000244                __vector_36
                0x00000244                __vector_79
                0x00000244                __vector_58
                0x00000244                __vector_70
                0x00000244                __vector_83
                0x00000244                __vector_29
                0x00000244                __vector_60
                0x00000244                __vector_121
                0x00000244                __vector_85
                0x00000244                __vector_94
                0x00000244                __vector_126
                0x00000244                __vector_8
                0x00000244                __vector_26
                0x00000244                __vector_48
                0x00000244                __vector_124
                0x00000244                __vector_116
                0x00000244                __vector_112
                0x00000244                __vector_111
                0x00000244                __vector_80
                0x00000244                __vector_14
                0x00000244                __vector_84
                0x00000244                __vector_57
                0x00000244                __vector_53
                0x00000244                __vector_10
                0x00000244                __vector_50
                0x00000244                __vector_16
                0x00000244                __vector_59
                0x00000244                __vector_18
                0x00000244                __vector_97
                0x00000244                __vector_20
                0x00000244                __vector_87
                0x00000244                __vector_65
                0x00000244                __vector_120
                0x00000246                . = ALIGN (0x2)
 *(.text.*)
 .text._read    0x00000246       0x32 src/ASF/common/utils/stdio/read.o
                0x00000246                _read
 .text.usart_putchar
                0x00000278       0x10 src/ASF/xmega/drivers/usart/usart.o
                0x00000278                usart_putchar
 .text.usart_getchar
                0x00000288        0xc src/ASF/xmega/drivers/usart/usart.o
                0x00000288                usart_getchar
 .text.usart_set_baudrate
                0x00000294      0x21e src/ASF/xmega/drivers/usart/usart.o
                0x00000294                usart_set_baudrate
 .text.usart_init_rs232
                0x000004b2      0x2c2 src/ASF/xmega/drivers/usart/usart.o
                0x000004b2                usart_init_rs232
 .text.__vector_71
                0x00000774       0x7a src/ASF/xmega/drivers/adc/xmega_aau/adc_aau.o
                0x00000774                __vector_71
 .text.__vector_72
                0x000007ee       0x7a src/ASF/xmega/drivers/adc/xmega_aau/adc_aau.o
                0x000007ee                __vector_72
 .text.__vector_73
                0x00000868       0x7a src/ASF/xmega/drivers/adc/xmega_aau/adc_aau.o
                0x00000868                __vector_73
 .text.__vector_74
                0x000008e2       0x7a src/ASF/xmega/drivers/adc/xmega_aau/adc_aau.o
                0x000008e2                __vector_74
 .text.__vector_39
                0x0000095c       0x7a src/ASF/xmega/drivers/adc/xmega_aau/adc_aau.o
                0x0000095c                __vector_39
 .text.__vector_40
                0x000009d6       0x7a src/ASF/xmega/drivers/adc/xmega_aau/adc_aau.o
                0x000009d6                __vector_40
 .text.__vector_41
                0x00000a50       0x7a src/ASF/xmega/drivers/adc/xmega_aau/adc_aau.o
                0x00000a50                __vector_41
 .text.__vector_42
                0x00000aca       0x7a src/ASF/xmega/drivers/adc/xmega_aau/adc_aau.o
                0x00000aca                __vector_42
 .text._write   0x00000b44       0x24 src/ASF/common/utils/stdio/write.o
                0x00000b44                _write
 .text.sysclk_init
                0x00000b68       0x20 src/ASF/common/services/clock/xmega/sysclk.o
                0x00000b68                sysclk_init
 .text.sysclk_enable_module
                0x00000b88       0x2c src/ASF/common/services/clock/xmega/sysclk.o
                0x00000b88                sysclk_enable_module
 .text.usart_serial_getchar
                0x00000bb4       0x10 src/Drivers/uart.o
 .text.usart_serial_putchar
                0x00000bc4        0x4 src/Drivers/uart.o
 .text.uart_terminal_init
                0x00000bc8       0x8a src/Drivers/uart.o
                0x00000bc8                uart_terminal_init
 .text.TCC0_init
                0x00000c52       0x4e src/main.o
                0x00000c52                TCC0_init
 .text.main     0x00000ca0       0x1a src/main.o
                0x00000ca0                main
 .text.libgcc.div
                0x00000cba       0x44 c:/program files (x86)/atmel/studio/7.0/toolchain/avr8/avr8-gnu-toolchain/bin/../lib/gcc/avr/5.4.0/avrxmega7\libgcc.a(_udivmodsi4.o)
                0x00000cba                __udivmodsi4
 .text.libgcc.mul
                0x00000cfe       0x1e c:/program files (x86)/atmel/studio/7.0/toolchain/avr8/avr8-gnu-toolchain/bin/../lib/gcc/avr/5.4.0/avrxmega7\libgcc.a(_umulhisi3.o)
                0x00000cfe                __umulhisi3
 .text.avr-libc
                0x00000d1c       0x94 c:/program files (x86)/atmel/studio/7.0/toolchain/avr8/avr8-gnu-toolchain/bin/../lib/gcc/avr/5.4.0/../../../../avr/lib/avrxmega7\libc.a(fdevopen.o)
                0x00000d1c                fdevopen
 .text.avr-libc
                0x00000db0       0x34 c:/program files (x86)/atmel/studio/7.0/toolchain/avr8/avr8-gnu-toolchain/bin/../lib/gcc/avr/5.4.0/../../../../avr/lib/avrxmega7\libc.a(calloc.o)
                0x00000db0                calloc
 .text.avr-libc
                0x00000de4      0x242 c:/program files (x86)/atmel/studio/7.0/toolchain/avr8/avr8-gnu-toolchain/bin/../lib/gcc/avr/5.4.0/../../../../avr/lib/avrxmega7\libc.a(malloc.o)
                0x00000de4                malloc
                0x00000f14                free
 .text.avr-libc
                0x00001026        0xe c:/program files (x86)/atmel/studio/7.0/toolchain/avr8/avr8-gnu-toolchain/bin/../lib/gcc/avr/5.4.0/../../../../avr/lib/avrxmega7\libc.a(memset.o)
                0x00001026                memset
                0x00001034                . = ALIGN (0x2)
 *(.fini9)
 .fini9         0x00001034        0x0 c:/program files (x86)/atmel/studio/7.0/toolchain/avr8/avr8-gnu-toolchain/bin/../lib/gcc/avr/5.4.0/avrxmega7\libgcc.a(_exit.o)
                0x00001034                _exit
                0x00001034                exit
 *(.fini9)
 *(.fini8)
 *(.fini8)
 *(.fini7)
 *(.fini7)
 *(.fini6)
 *(.fini6)
 *(.fini5)
 *(.fini5)
 *(.fini4)
 *(.fini4)
 *(.fini3)
 *(.fini3)
 *(.fini2)
 *(.fini2)
 *(.fini1)
 *(.fini1)
 *(.fini0)
 .fini0         0x00001034        0x4 c:/program files (x86)/atmel/studio/7.0/toolchain/avr8/avr8-gnu-toolchain/bin/../lib/gcc/avr/5.4.0/avrxmega7\libgcc.a(_exit.o)
 *(.fini0)
                0x00001038                _etext = .

.data           0x00802000        0xe load address 0x00001038
                0x00802000                PROVIDE (__data_start, .)
 *(.data)
 .data          0x00802000        0x6 c:/program files (x86)/atmel/studio/7.0/toolchain/avr8/avr8-gnu-toolchain/bin/../lib/gcc/avr/5.4.0/../../../../avr/lib/avrxmega7\libc.a(malloc.o)
                0x00802000                __malloc_heap_end
                0x00802002                __malloc_heap_start
                0x00802004                __malloc_margin
 *(.data*)
 .data.usart_config.5890
                0x00802006        0x7 src/Drivers/uart.o
 *(.gnu.linkonce.d*)
 *(.rodata)
 *(.rodata*)
 *(.gnu.linkonce.r*)
                0x0080200e                . = ALIGN (0x2)
 *fill*         0x0080200d        0x1 
                0x0080200e                _edata = .
                0x0080200e                PROVIDE (__data_end, .)

.bss            0x0080200e       0x14
                0x0080200e                PROVIDE (__bss_start, .)
 *(.bss)
 *(.bss*)
 *(COMMON)
 COMMON         0x0080200e        0x2 src/ASF/common/utils/stdio/read.o
                0x0080200e                ptr_get
 COMMON         0x00802010        0x4 src/ASF/xmega/drivers/adc/adc.o
                0x00802010                adcb_callback
                0x00802012                adca_callback
 COMMON         0x00802014        0x4 src/ASF/common/utils/stdio/write.o
                0x00802014                ptr_put
                0x00802016                stdio_base
 COMMON         0x00802018        0x6 c:/program files (x86)/atmel/studio/7.0/toolchain/avr8/avr8-gnu-toolchain/bin/../lib/gcc/avr/5.4.0/../../../../avr/lib/avrxmega7\libc.a(iob.o)
                0x00802018                __iob
 COMMON         0x0080201e        0x4 c:/program files (x86)/atmel/studio/7.0/toolchain/avr8/avr8-gnu-toolchain/bin/../lib/gcc/avr/5.4.0/../../../../avr/lib/avrxmega7\libc.a(malloc.o)
                0x0080201e                __brkval
                0x00802020                __flp
                0x00802022                PROVIDE (__bss_end, .)
                0x00001038                __data_load_start = LOADADDR (.data)
                0x00001046                __data_load_end = (__data_load_start + SIZEOF (.data))

.noinit         0x00802022        0x0
                [!provide]                PROVIDE (__noinit_start, .)
 *(.noinit*)
                [!provide]                PROVIDE (__noinit_end, .)
                0x00802022                _end = .
                0x00802022                PROVIDE (__heap_start, .)

.eeprom         0x00810000        0x0
 *(.eeprom*)
                0x00810000                __eeprom_end = .

.fuse
 *(.fuse)
 *(.lfuse)
 *(.hfuse)
 *(.efuse)

.lock
 *(.lock*)

.signature
 *(.signature*)

.user_signatures
 *(.user_signatures*)

.stab
 *(.stab)

.stabstr
 *(.stabstr)

.stab.excl
 *(.stab.excl)

.stab.exclstr
 *(.stab.exclstr)

.stab.index
 *(.stab.index)

.stab.indexstr
 *(.stab.indexstr)

.comment        0x00000000       0x30
 *(.comment)
 .comment       0x00000000       0x30 src/ASF/common/utils/stdio/read.o
                                 0x31 (size before relaxing)
 .comment       0x00000030       0x31 src/ASF/xmega/drivers/adc/adc.o
 .comment       0x00000030       0x31 src/ASF/xmega/drivers/usart/usart.o
 .comment       0x00000030       0x31 src/ASF/xmega/drivers/adc/xmega_aau/adc_aau.o
 .comment       0x00000030       0x31 src/ASF/common/utils/stdio/write.o
 .comment       0x00000030       0x31 src/ASF/common/services/clock/xmega/sysclk.o
 .comment       0x00000030       0x31 src/Drivers/uart.o
 .comment       0x00000030       0x31 src/main.o
 .comment       0x00000030       0x31 c:/program files (x86)/atmel/studio/7.0/toolchain/avr8/avr8-gnu-toolchain/bin/../lib/gcc/avr/5.4.0/../../../../avr/lib/avrxmega7\libc.a(fdevopen.o)
 .comment       0x00000030       0x31 c:/program files (x86)/atmel/studio/7.0/toolchain/avr8/avr8-gnu-toolchain/bin/../lib/gcc/avr/5.4.0/../../../../avr/lib/avrxmega7\libc.a(iob.o)
 .comment       0x00000030       0x31 c:/program files (x86)/atmel/studio/7.0/toolchain/avr8/avr8-gnu-toolchain/bin/../lib/gcc/avr/5.4.0/../../../../avr/lib/avrxmega7\libc.a(calloc.o)
 .comment       0x00000030       0x31 c:/program files (x86)/atmel/studio/7.0/toolchain/avr8/avr8-gnu-toolchain/bin/../lib/gcc/avr/5.4.0/../../../../avr/lib/avrxmega7\libc.a(malloc.o)

.note.gnu.avr.deviceinfo
                0x00000000       0x40
 .note.gnu.avr.deviceinfo
                0x00000000       0x40 C:/Program Files (x86)/Atmel/Studio/7.0/Packs/atmel/XMEGAA_DFP/1.1.68/gcc/dev/atxmega128a1u/avrxmega7/crtatxmega128a1u.o

.note.gnu.build-id
 *(.note.gnu.build-id)

.debug
 *(.debug)

.line
 *(.line)

.debug_srcinfo
 *(.debug_srcinfo)

.debug_sfnames
 *(.debug_sfnames)

.debug_aranges  0x00000000      0x200
 *(.debug_aranges)
 .debug_aranges
                0x00000000       0x20 src/ASF/common/utils/stdio/read.o
 .debug_aranges
                0x00000020       0x48 src/ASF/xmega/drivers/adc/adc.o
 .debug_aranges
                0x00000068       0x58 src/ASF/xmega/drivers/usart/usart.o
 .debug_aranges
                0x000000c0       0x78 src/ASF/xmega/drivers/adc/xmega_aau/adc_aau.o
 .debug_aranges
                0x00000138       0x20 src/ASF/common/utils/stdio/write.o
 .debug_aranges
                0x00000158       0x40 src/ASF/common/services/clock/xmega/sysclk.o
 .debug_aranges
                0x00000198       0x30 src/Drivers/uart.o
 .debug_aranges
                0x000001c8       0x38 src/main.o

.debug_pubnames
 *(.debug_pubnames)

.debug_info     0x00000000     0xd843
 *(.debug_info .gnu.linkonce.wi.*)
 .debug_info    0x00000000     0x3e5a C:/Program Files (x86)/Atmel/Studio/7.0/Packs/atmel/XMEGAA_DFP/1.1.68/gcc/dev/atxmega128a1u/avrxmega7/crtatxmega128a1u.o
 .debug_info    0x00003e5a      0x119 src/ASF/common/utils/stdio/read.o
 .debug_info    0x00003f73      0xa8f src/ASF/xmega/drivers/adc/adc.o
 .debug_info    0x00004a02     0x327c src/ASF/xmega/drivers/usart/usart.o
 .debug_info    0x00007c7e      0xe9a src/ASF/xmega/drivers/adc/xmega_aau/adc_aau.o
 .debug_info    0x00008b18      0x119 src/ASF/common/utils/stdio/write.o
 .debug_info    0x00008c31      0x711 src/ASF/common/services/clock/xmega/sysclk.o
 .debug_info    0x00009342     0x22c0 src/Drivers/uart.o
 .debug_info    0x0000b602     0x2241 src/main.o

.debug_abbrev   0x00000000     0x4e5b
 *(.debug_abbrev)
 .debug_abbrev  0x00000000     0x3b0e C:/Program Files (x86)/Atmel/Studio/7.0/Packs/atmel/XMEGAA_DFP/1.1.68/gcc/dev/atxmega128a1u/avrxmega7/crtatxmega128a1u.o
 .debug_abbrev  0x00003b0e       0xc5 src/ASF/common/utils/stdio/read.o
 .debug_abbrev  0x00003bd3      0x2b4 src/ASF/xmega/drivers/adc/adc.o
 .debug_abbrev  0x00003e87      0x3f5 src/ASF/xmega/drivers/usart/usart.o
 .debug_abbrev  0x0000427c      0x320 src/ASF/xmega/drivers/adc/xmega_aau/adc_aau.o
 .debug_abbrev  0x0000459c       0xa7 src/ASF/common/utils/stdio/write.o
 .debug_abbrev  0x00004643      0x218 src/ASF/common/services/clock/xmega/sysclk.o
 .debug_abbrev  0x0000485b      0x30b src/Drivers/uart.o
 .debug_abbrev  0x00004b66      0x2f5 src/main.o

.debug_line     0x00000000     0x420e
 *(.debug_line .debug_line.* .debug_line_end)
 .debug_line    0x00000000      0x3b5 C:/Program Files (x86)/Atmel/Studio/7.0/Packs/atmel/XMEGAA_DFP/1.1.68/gcc/dev/atxmega128a1u/avrxmega7/crtatxmega128a1u.o
 .debug_line    0x000003b5      0x3d3 src/ASF/common/utils/stdio/read.o
 .debug_line    0x00000788      0x7c3 src/ASF/xmega/drivers/adc/adc.o
 .debug_line    0x00000f4b      0xd59 src/ASF/xmega/drivers/usart/usart.o
 .debug_line    0x00001ca4      0x973 src/ASF/xmega/drivers/adc/xmega_aau/adc_aau.o
 .debug_line    0x00002617      0x3da src/ASF/common/utils/stdio/write.o
 .debug_line    0x000029f1      0x62e src/ASF/common/services/clock/xmega/sysclk.o
 .debug_line    0x0000301f      0x8bc src/Drivers/uart.o
 .debug_line    0x000038db      0x933 src/main.o

.debug_frame    0x00000000      0x7b8
 *(.debug_frame)
 .debug_frame   0x00000000       0x34 src/ASF/common/utils/stdio/read.o
 .debug_frame   0x00000034       0xbc src/ASF/xmega/drivers/adc/adc.o
 .debug_frame   0x000000f0      0x150 src/ASF/xmega/drivers/usart/usart.o
 .debug_frame   0x00000240      0x3e4 src/ASF/xmega/drivers/adc/xmega_aau/adc_aau.o
 .debug_frame   0x00000624       0x24 src/ASF/common/utils/stdio/write.o
 .debug_frame   0x00000648       0x94 src/ASF/common/services/clock/xmega/sysclk.o
 .debug_frame   0x000006dc       0x60 src/Drivers/uart.o
 .debug_frame   0x0000073c       0x7c src/main.o

.debug_str      0x00000000    0x32632
 *(.debug_str)
 .debug_str     0x00000000     0x2969 C:/Program Files (x86)/Atmel/Studio/7.0/Packs/atmel/XMEGAA_DFP/1.1.68/gcc/dev/atxmega128a1u/avrxmega7/crtatxmega128a1u.o
 .debug_str     0x00002969    0x2b3ed src/ASF/common/utils/stdio/read.o
                              0x2ba36 (size before relaxing)
 .debug_str     0x0002dd56     0x213f src/ASF/xmega/drivers/adc/adc.o
                              0x2dbad (size before relaxing)
 .debug_str     0x0002fe95     0x115b src/ASF/xmega/drivers/usart/usart.o
                              0x2e258 (size before relaxing)
 .debug_str     0x00030ff0      0x5cc src/ASF/xmega/drivers/adc/xmega_aau/adc_aau.o
                              0x2de40 (size before relaxing)
 .debug_str     0x000315bc       0x35 src/ASF/common/utils/stdio/write.o
                              0x2ba38 (size before relaxing)
 .debug_str     0x000315f1      0x232 src/ASF/common/services/clock/xmega/sysclk.o
                              0x2d19a (size before relaxing)
 .debug_str     0x00031823      0xa64 src/Drivers/uart.o
                              0x2f038 (size before relaxing)
 .debug_str     0x00032287      0x3ab src/main.o
                              0x2f52f (size before relaxing)

.debug_loc      0x00000000     0x2403
 *(.debug_loc)
 .debug_loc     0x00000000       0x6e src/ASF/common/utils/stdio/read.o
 .debug_loc     0x0000006e      0x2b3 src/ASF/xmega/drivers/adc/adc.o
 .debug_loc     0x00000321      0xe0d src/ASF/xmega/drivers/usart/usart.o
 .debug_loc     0x0000112e      0xd3c src/ASF/xmega/drivers/adc/xmega_aau/adc_aau.o
 .debug_loc     0x00001e6a       0x52 src/ASF/common/utils/stdio/write.o
 .debug_loc     0x00001ebc      0x2c5 src/ASF/common/services/clock/xmega/sysclk.o
 .debug_loc     0x00002181      0x15b src/Drivers/uart.o
 .debug_loc     0x000022dc      0x127 src/main.o

.debug_macinfo
 *(.debug_macinfo)

.debug_weaknames
 *(.debug_weaknames)

.debug_funcnames
 *(.debug_funcnames)

.debug_typenames
 *(.debug_typenames)

.debug_varnames
 *(.debug_varnames)

.debug_pubtypes
 *(.debug_pubtypes)

.debug_ranges   0x00000000      0x1b8
 *(.debug_ranges)
 .debug_ranges  0x00000000       0x10 src/ASF/common/utils/stdio/read.o
 .debug_ranges  0x00000010       0x38 src/ASF/xmega/drivers/adc/adc.o
 .debug_ranges  0x00000048       0x80 src/ASF/xmega/drivers/usart/usart.o
 .debug_ranges  0x000000c8       0x68 src/ASF/xmega/drivers/adc/xmega_aau/adc_aau.o
 .debug_ranges  0x00000130       0x10 src/ASF/common/utils/stdio/write.o
 .debug_ranges  0x00000140       0x30 src/ASF/common/services/clock/xmega/sysclk.o
 .debug_ranges  0x00000170       0x20 src/Drivers/uart.o
 .debug_ranges  0x00000190       0x28 src/main.o

.debug_macro    0x00000000     0xb3e1
 *(.debug_macro)
 .debug_macro   0x00000000      0x16d src/ASF/common/utils/stdio/read.o
 .debug_macro   0x0000016d      0xa90 src/ASF/common/utils/stdio/read.o
 .debug_macro   0x00000bfd       0x10 src/ASF/common/utils/stdio/read.o
 .debug_macro   0x00000c0d      0x1c9 src/ASF/common/utils/stdio/read.o
 .debug_macro   0x00000dd6      0x2fc src/ASF/common/utils/stdio/read.o
 .debug_macro   0x000010d2       0x9e src/ASF/common/utils/stdio/read.o
 .debug_macro   0x00001170     0x6dbc src/ASF/common/utils/stdio/read.o
 .debug_macro   0x00007f2c       0x9a src/ASF/common/utils/stdio/read.o
 .debug_macro   0x00007fc6       0xf1 src/ASF/common/utils/stdio/read.o
 .debug_macro   0x000080b7       0x34 src/ASF/common/utils/stdio/read.o
 .debug_macro   0x000080eb       0x16 src/ASF/common/utils/stdio/read.o
 .debug_macro   0x00008101       0x18 src/ASF/common/utils/stdio/read.o
 .debug_macro   0x00008119       0x5e src/ASF/common/utils/stdio/read.o
 .debug_macro   0x00008177       0x10 src/ASF/common/utils/stdio/read.o
 .debug_macro   0x00008187       0x22 src/ASF/common/utils/stdio/read.o
 .debug_macro   0x000081a9      0x16d src/ASF/common/utils/stdio/read.o
 .debug_macro   0x00008316       0x1c src/ASF/common/utils/stdio/read.o
 .debug_macro   0x00008332       0x35 src/ASF/common/utils/stdio/read.o
 .debug_macro   0x00008367       0x66 src/ASF/common/utils/stdio/read.o
 .debug_macro   0x000083cd      0x6d7 src/ASF/common/utils/stdio/read.o
 .debug_macro   0x00008aa4       0x96 src/ASF/common/utils/stdio/read.o
 .debug_macro   0x00008b3a       0x17 src/ASF/common/utils/stdio/read.o
 .debug_macro   0x00008b51      0x250 src/ASF/common/utils/stdio/read.o
 .debug_macro   0x00008da1       0x76 src/ASF/common/utils/stdio/read.o
 .debug_macro   0x00008e17       0x16 src/ASF/common/utils/stdio/read.o
 .debug_macro   0x00008e2d      0x6d9 src/ASF/common/utils/stdio/read.o
 .debug_macro   0x00009506       0x10 src/ASF/common/utils/stdio/read.o
 .debug_macro   0x00009516      0x175 src/ASF/common/utils/stdio/read.o
 .debug_macro   0x0000968b       0x40 src/ASF/common/utils/stdio/read.o
 .debug_macro   0x000096cb       0x69 src/ASF/common/utils/stdio/read.o
 .debug_macro   0x00009734       0x31 src/ASF/common/utils/stdio/read.o
 .debug_macro   0x00009765       0xe4 src/ASF/common/utils/stdio/read.o
 .debug_macro   0x00009849      0x23a src/ASF/xmega/drivers/adc/adc.o
 .debug_macro   0x00009a83       0x10 src/ASF/xmega/drivers/adc/adc.o
 .debug_macro   0x00009a93       0x20 src/ASF/xmega/drivers/adc/adc.o
 .debug_macro   0x00009ab3       0x10 src/ASF/xmega/drivers/adc/adc.o
 .debug_macro   0x00009ac3       0x42 src/ASF/xmega/drivers/adc/adc.o
 .debug_macro   0x00009b05       0x22 src/ASF/xmega/drivers/adc/adc.o
 .debug_macro   0x00009b27      0x2c3 src/ASF/xmega/drivers/adc/adc.o
 .debug_macro   0x00009dea       0x64 src/ASF/xmega/drivers/adc/adc.o
 .debug_macro   0x00009e4e       0x2f src/ASF/xmega/drivers/adc/adc.o
 .debug_macro   0x00009e7d      0x154 src/ASF/xmega/drivers/adc/adc.o
 .debug_macro   0x00009fd1       0xe3 src/ASF/xmega/drivers/adc/adc.o
 .debug_macro   0x0000a0b4      0x219 src/ASF/xmega/drivers/usart/usart.o
 .debug_macro   0x0000a2cd      0x302 src/ASF/xmega/drivers/usart/usart.o
 .debug_macro   0x0000a5cf       0x34 src/ASF/xmega/drivers/usart/usart.o
 .debug_macro   0x0000a603       0x9a src/ASF/xmega/drivers/usart/usart.o
 .debug_macro   0x0000a69d      0x23a src/ASF/xmega/drivers/adc/xmega_aau/adc_aau.o
 .debug_macro   0x0000a8d7      0x16d src/ASF/common/utils/stdio/write.o
 .debug_macro   0x0000aa44      0x1e6 src/ASF/common/services/clock/xmega/sysclk.o
 .debug_macro   0x0000ac2a       0x26 src/ASF/common/services/clock/xmega/sysclk.o
 .debug_macro   0x0000ac50      0x2fa src/Drivers/uart.o
 .debug_macro   0x0000af4a       0x34 src/Drivers/uart.o
 .debug_macro   0x0000af7e      0x303 src/main.o
 .debug_macro   0x0000b281      0x160 src/main.o
OUTPUT(One Month Team 4.elf elf32-avr)
LOAD linker stubs
